// Jest Snapshot v1, https://goo.gl/fbAQLP

exports[`Snapshot check for the Home page should match the snapshot 1`] = `
Array [
  <h3
    className="title"
  >
    My cities
  </h3>,
  <div
    className="container"
  >
    <div
      className="row"
    >
      <p
        className="warning"
      >
        You haven't checked any city yet
      </p>
    </div>
    <hr />
  </div>,
  <h3
    className="title"
  >
    Cities near you
  </h3>,
  <div
    className="container"
  >
    <div
      className="row"
    >
      <p
        className="warning"
      >
        We couldn't find your location
        <br />
         
        make sure to allow a location
      </p>
    </div>
    <hr />
  </div>,
  <h3
    className="title"
  >
    Other cities
  </h3>,
  <div
    className="container"
  >
    <div
      className="row"
    >
      <p
        className="warning"
      >
        You haven't checked other cities
      </p>
    </div>
  </div>,
]
`;
